#-----------------------------------------------------------
# Vivado v2019.1 (64-bit)
# SW Build 2552052 on Fri May 24 14:49:42 MDT 2019
# IP Build 2548770 on Fri May 24 18:01:18 MDT 2019
# Start of session at: Sun Sep 22 17:07:37 2019
# Process ID: 13216
# Current directory: C:/Users/bilal/Desktop/linux/gitSpace/myProjects/Embedded Reconfigurable Systems/Labs/Lab1
# Command line: vivado.exe -gui_launcher_event rodinguilauncherevent5320 C:\Users\bilal\Desktop\linux\gitSpace\myProjects\Embedded Reconfigurable Systems\Labs\Lab1\Lab1.xpr
# Log file: C:/Users/bilal/Desktop/linux/gitSpace/myProjects/Embedded Reconfigurable Systems/Labs/Lab1/vivado.log
# Journal file: C:/Users/bilal/Desktop/linux/gitSpace/myProjects/Embedded Reconfigurable Systems/Labs/Lab1\vivado.jou
#-----------------------------------------------------------
sstart_guioopen_project {C:/Users/bilal/Desktop/linux/gitSpace/myProjects/Embedded Reconfigurable Systems/Labs/Lab1/Lab1.xpr}uupdate_compile_order -fileset sources_1launch_simulation
source FourBitBenchtest.tcl
close_sim
launch_simulation
source FourBitBenchtest.tcl
close_sim
